[2026-08-29 10:38:53][INFO] TensorBoard logging initialized.
[2026-08-29 10:38:53][INFO] === Starting Drone Detection Pipeline ===
[2026-08-29 10:38:53][INFO] Loaded config: configs/model3_fpn_attn.yaml
[2026-08-29 10:38:53][INFO] World Size: 2 | Local Rank: 0 | Device: cuda:0
[2026-08-29 10:38:53][INFO] Train samples: 1716 | Val samples: 360
[2026-08-29 10:38:53][INFO] Model: DroneNet-FPN-Attention | Total Parameters: 4.12M | Trainable: 4.12M
[2026-08-29 10:38:54][INFO] Starting training: DroneNet-FPN-Attention for 40 epochs.
[2026-08-29 10:39:40][INFO] [Epoch 01/40] Train Loss: 1.8706 | Val AP@0.5: 0.19% | Val mAP@0.5:0.95: 0.04% | Precision: 20.00% | Recall: 0.57% | FPS: 73.7
[2026-08-29 10:39:40][INFO] ==> New Best Model Saved with Val AP@0.5: 0.19%
[2026-08-29 10:40:22][INFO] [Epoch 02/40] Train Loss: 0.9157 | Val AP@0.5: 35.16% | Val mAP@0.5:0.95: 10.20% | Precision: 70.83% | Recall: 41.05% | FPS: 80.2
[2026-08-29 10:40:23][INFO] ==> New Best Model Saved with Val AP@0.5: 35.16%
[2026-08-29 10:41:07][INFO] [Epoch 03/40] Train Loss: 0.7625 | Val AP@0.5: 63.74% | Val mAP@0.5:0.95: 23.10% | Precision: 90.95% | Recall: 61.36% | FPS: 78.2
[2026-08-29 10:41:07][INFO] ==> New Best Model Saved with Val AP@0.5: 63.74%
[2026-08-29 10:41:50][INFO] [Epoch 04/40] Train Loss: 0.6659 | Val AP@0.5: 62.63% | Val mAP@0.5:0.95: 22.85% | Precision: 90.71% | Recall: 65.20% | FPS: 72.9
[2026-08-29 10:42:34][INFO] [Epoch 05/40] Train Loss: 0.6080 | Val AP@0.5: 70.58% | Val mAP@0.5:0.95: 31.64% | Precision: 92.02% | Recall: 70.45% | FPS: 73.9
[2026-08-29 10:42:34][INFO] ==> New Best Model Saved with Val AP@0.5: 70.58%
[2026-08-29 10:43:17][INFO] [Epoch 06/40] Train Loss: 0.5724 | Val AP@0.5: 39.74% | Val mAP@0.5:0.95: 15.79% | Precision: 92.58% | Recall: 40.77% | FPS: 74.4
[2026-08-29 10:44:01][INFO] [Epoch 07/40] Train Loss: 0.5386 | Val AP@0.5: 63.86% | Val mAP@0.5:0.95: 27.89% | Precision: 93.33% | Recall: 65.62% | FPS: 74.6
[2026-08-29 10:44:44][INFO] [Epoch 08/40] Train Loss: 0.5119 | Val AP@0.5: 62.94% | Val mAP@0.5:0.95: 29.06% | Precision: 95.59% | Recall: 64.63% | FPS: 73.5
[2026-08-29 10:45:28][INFO] [Epoch 09/40] Train Loss: 0.4921 | Val AP@0.5: 67.59% | Val mAP@0.5:0.95: 29.24% | Precision: 85.74% | Recall: 65.77% | FPS: 73.8
[2026-08-29 10:46:12][INFO] [Epoch 10/40] Train Loss: 0.4699 | Val AP@0.5: 84.51% | Val mAP@0.5:0.95: 39.17% | Precision: 94.29% | Recall: 84.38% | FPS: 73.4
[2026-08-29 10:46:13][INFO] ==> New Best Model Saved with Val AP@0.5: 84.51%
[2026-08-29 10:46:57][INFO] [Epoch 11/40] Train Loss: 0.4584 | Val AP@0.5: 83.28% | Val mAP@0.5:0.95: 36.91% | Precision: 96.50% | Recall: 78.27% | FPS: 73.5
[2026-08-29 10:47:42][INFO] [Epoch 12/40] Train Loss: 0.4453 | Val AP@0.5: 82.77% | Val mAP@0.5:0.95: 39.65% | Precision: 93.39% | Recall: 84.23% | FPS: 74.6
[2026-08-29 10:48:26][INFO] [Epoch 13/40] Train Loss: 0.4408 | Val AP@0.5: 85.87% | Val mAP@0.5:0.95: 41.72% | Precision: 94.09% | Recall: 85.94% | FPS: 74.1
[2026-08-29 10:48:26][INFO] ==> New Best Model Saved with Val AP@0.5: 85.87%
[2026-08-29 10:49:10][INFO] [Epoch 14/40] Train Loss: 0.4198 | Val AP@0.5: 84.75% | Val mAP@0.5:0.95: 39.40% | Precision: 94.38% | Recall: 85.94% | FPS: 72.7
[2026-08-29 10:49:55][INFO] [Epoch 15/40] Train Loss: 0.4183 | Val AP@0.5: 85.52% | Val mAP@0.5:0.95: 43.29% | Precision: 94.16% | Recall: 87.07% | FPS: 74.0
[2026-08-29 10:50:39][INFO] [Epoch 16/40] Train Loss: 0.3973 | Val AP@0.5: 88.08% | Val mAP@0.5:0.95: 42.75% | Precision: 95.43% | Recall: 89.06% | FPS: 73.6
[2026-08-29 10:50:40][INFO] ==> New Best Model Saved with Val AP@0.5: 88.08%
[2026-08-29 10:51:24][INFO] [Epoch 17/40] Train Loss: 0.3862 | Val AP@0.5: 89.19% | Val mAP@0.5:0.95: 47.06% | Precision: 95.90% | Recall: 89.77% | FPS: 72.9
[2026-08-29 10:51:25][INFO] ==> New Best Model Saved with Val AP@0.5: 89.19%
[2026-08-29 10:52:08][INFO] [Epoch 18/40] Train Loss: 0.3763 | Val AP@0.5: 89.42% | Val mAP@0.5:0.95: 46.61% | Precision: 95.48% | Recall: 89.91% | FPS: 74.2
[2026-08-29 10:52:09][INFO] ==> New Best Model Saved with Val AP@0.5: 89.42%
[2026-08-29 10:52:53][INFO] [Epoch 19/40] Train Loss: 0.3557 | Val AP@0.5: 88.83% | Val mAP@0.5:0.95: 46.14% | Precision: 96.26% | Recall: 87.78% | FPS: 73.4
[2026-08-29 10:53:38][INFO] [Epoch 20/40] Train Loss: 0.3575 | Val AP@0.5: 91.36% | Val mAP@0.5:0.95: 47.66% | Precision: 95.95% | Recall: 90.91% | FPS: 73.5
[2026-08-29 10:53:38][INFO] ==> New Best Model Saved with Val AP@0.5: 91.36%
[2026-08-29 10:54:23][INFO] [Epoch 21/40] Train Loss: 0.3346 | Val AP@0.5: 88.62% | Val mAP@0.5:0.95: 45.10% | Precision: 95.23% | Recall: 87.93% | FPS: 72.1
[2026-08-29 10:55:08][INFO] [Epoch 22/40] Train Loss: 0.3271 | Val AP@0.5: 90.06% | Val mAP@0.5:0.95: 46.38% | Precision: 96.64% | Recall: 89.91% | FPS: 73.4
[2026-08-29 10:55:53][INFO] [Epoch 23/40] Train Loss: 0.3263 | Val AP@0.5: 91.02% | Val mAP@0.5:0.95: 49.17% | Precision: 95.99% | Recall: 91.76% | FPS: 74.3
[2026-08-29 10:56:37][INFO] [Epoch 24/40] Train Loss: 0.3133 | Val AP@0.5: 91.49% | Val mAP@0.5:0.95: 48.67% | Precision: 95.59% | Recall: 92.33% | FPS: 73.9
[2026-08-29 10:56:37][INFO] ==> New Best Model Saved with Val AP@0.5: 91.49%
[2026-08-29 10:57:22][INFO] [Epoch 25/40] Train Loss: 0.2997 | Val AP@0.5: 90.72% | Val mAP@0.5:0.95: 48.68% | Precision: 95.90% | Recall: 89.77% | FPS: 73.3
[2026-08-29 10:58:07][INFO] [Epoch 26/40] Train Loss: 0.2905 | Val AP@0.5: 89.43% | Val mAP@0.5:0.95: 49.06% | Precision: 94.94% | Recall: 90.62% | FPS: 74.7
[2026-08-29 10:58:52][INFO] [Epoch 27/40] Train Loss: 0.2884 | Val AP@0.5: 92.08% | Val mAP@0.5:0.95: 50.20% | Precision: 96.18% | Recall: 92.90% | FPS: 73.9
[2026-08-29 10:58:52][INFO] ==> New Best Model Saved with Val AP@0.5: 92.08%
[2026-08-29 10:59:36][INFO] [Epoch 28/40] Train Loss: 0.2790 | Val AP@0.5: 91.80% | Val mAP@0.5:0.95: 49.33% | Precision: 95.88% | Recall: 92.61% | FPS: 74.1
[2026-08-29 11:00:20][INFO] [Epoch 29/40] Train Loss: 0.2606 | Val AP@0.5: 90.56% | Val mAP@0.5:0.95: 50.14% | Precision: 96.10% | Recall: 91.05% | FPS: 73.6
[2026-08-29 11:01:04][INFO] [Epoch 30/40] Train Loss: 0.2570 | Val AP@0.5: 90.82% | Val mAP@0.5:0.95: 49.79% | Precision: 96.25% | Recall: 91.19% | FPS: 73.8
[2026-08-29 11:01:48][INFO] [Epoch 31/40] Train Loss: 0.2462 | Val AP@0.5: 91.87% | Val mAP@0.5:0.95: 50.39% | Precision: 96.86% | Recall: 92.05% | FPS: 74.9
[2026-08-29 11:02:32][INFO] [Epoch 32/40] Train Loss: 0.2344 | Val AP@0.5: 91.81% | Val mAP@0.5:0.95: 50.57% | Precision: 97.01% | Recall: 92.19% | FPS: 72.8
[2026-08-29 11:03:17][INFO] [Epoch 33/40] Train Loss: 0.2271 | Val AP@0.5: 92.38% | Val mAP@0.5:0.95: 50.49% | Precision: 96.32% | Recall: 93.04% | FPS: 74.6
[2026-08-29 11:03:17][INFO] ==> New Best Model Saved with Val AP@0.5: 92.38%
[2026-08-29 11:04:01][INFO] [Epoch 34/40] Train Loss: 0.2230 | Val AP@0.5: 91.41% | Val mAP@0.5:0.95: 50.66% | Precision: 96.29% | Recall: 92.05% | FPS: 74.5
[2026-08-29 11:04:45][INFO] [Epoch 35/40] Train Loss: 0.2089 | Val AP@0.5: 91.99% | Val mAP@0.5:0.95: 50.59% | Precision: 96.43% | Recall: 92.19% | FPS: 74.0
[2026-08-29 11:05:30][INFO] [Epoch 36/40] Train Loss: 0.2116 | Val AP@0.5: 91.71% | Val mAP@0.5:0.95: 50.60% | Precision: 96.58% | Recall: 92.33% | FPS: 72.7
[2026-08-29 11:06:14][INFO] [Epoch 37/40] Train Loss: 0.2054 | Val AP@0.5: 91.37% | Val mAP@0.5:0.95: 50.46% | Precision: 95.58% | Recall: 92.19% | FPS: 74.4
[2026-08-29 11:06:58][INFO] [Epoch 38/40] Train Loss: 0.1976 | Val AP@0.5: 92.05% | Val mAP@0.5:0.95: 50.82% | Precision: 96.31% | Recall: 92.61% | FPS: 74.5
[2026-08-29 11:07:42][INFO] [Epoch 39/40] Train Loss: 0.1951 | Val AP@0.5: 91.98% | Val mAP@0.5:0.95: 50.56% | Precision: 96.59% | Recall: 92.61% | FPS: 74.0
[2026-08-29 11:08:25][INFO] [Epoch 40/40] Train Loss: 0.2026 | Val AP@0.5: 91.83% | Val mAP@0.5:0.95: 50.55% | Precision: 96.44% | Recall: 92.33% | FPS: 74.6
[2026-08-29 11:08:25][INFO] Training completed in 0.49 hours. Best Val AP@0.5: 92.38%
[2026-08-29 11:08:26][INFO] Pipeline execution finished successfully.
